Component: ARM Compiler 5.06 update 1 (build 61) Tool: armlink [4d35a8]

==============================================================================

Section Cross References

    main.o(.text) refers to system_stm32f10x.o(.text) for SystemInit
    main.o(.text) refers to delay.o(.text) for delay_init
    main.o(.text) refers to sys.o(.text) for NVIC_Configuration
    main.o(.text) refers to usart.o(.text) for uart_init
    main.o(.text) refers to led.o(.text) for LED_Init
    main.o(.text) refers to beep.o(.text) for BEEP_Init
    main.o(.text) refers to oled.o(.text) for OLED_Init
    main.o(.text) refers to bh1750.o(.text) for Init_BH1750
    main.o(.text) refers to dht11.o(.text) for DHT11_Init
    main.o(.text) refers to ffixu.o(x$fpl$ffixu) for __aeabi_f2uiz
    main.o(.text) refers to frleqf.o(x$fpl$frleqf) for __aeabi_cfrcmple
    main.o(.text) refers to fleqf.o(x$fpl$fleqf) for __aeabi_cfcmple
    main.o(.text) refers to bh1750.o(.data) for result_lx
    system_stm32f10x.o(.text) refers to system_stm32f10x.o(.data) for SystemCoreClock
    led.o(.text) refers to stm32f10x_rcc.o(.text) for RCC_APB2PeriphClockCmd
    led.o(.text) refers to stm32f10x_gpio.o(.text) for GPIO_Init
    dht11.o(.text) refers to delay.o(.text) for delay_ms
    dht11.o(.text) refers to stm32f10x_rcc.o(.text) for RCC_APB2PeriphClockCmd
    dht11.o(.text) refers to stm32f10x_gpio.o(.text) for GPIO_Init
    oled.o(.text) refers to stm32f10x_gpio.o(.text) for GPIO_SetBits
    oled.o(.text) refers to stm32f10x_rcc.o(.text) for RCC_APB2PeriphClockCmd
    oled.o(.text) refers to delay.o(.text) for delay_ms
    oled.o(.text) refers to oled.o(.constdata) for F8X16
    oled.o(.text) refers to oled.o(.data) for Hzk
    beep.o(.text) refers to stm32f10x_rcc.o(.text) for RCC_APB2PeriphClockCmd
    beep.o(.text) refers to stm32f10x_gpio.o(.text) for GPIO_Init
    bh1750.o(.text) refers to i2c.o(.text) for i2c_Port_Init
    bh1750.o(.text) refers to delay.o(.text) for delay_ms
    bh1750.o(.text) refers to fflt_clz.o(x$fpl$ffltu) for __aeabi_ui2f
    bh1750.o(.text) refers to f2d.o(x$fpl$f2d) for __aeabi_f2d
    bh1750.o(.text) refers to ddiv.o(x$fpl$ddiv) for __aeabi_ddiv
    bh1750.o(.text) refers to d2f.o(x$fpl$d2f) for __aeabi_d2f
    bh1750.o(.text) refers to bh1750.o(.data) for BUF
    i2c.o(.text) refers to stm32f10x_rcc.o(.text) for RCC_APB2PeriphClockCmd
    i2c.o(.text) refers to stm32f10x_gpio.o(.text) for GPIO_Init
    i2c.o(.text) refers to delay.o(.text) for delay_us
    delay.o(.text) refers to misc.o(.text) for SysTick_CLKSourceConfig
    delay.o(.text) refers to delay.o(.data) for fac_us
    sys.o(.text) refers to misc.o(.text) for NVIC_PriorityGroupConfig
    usart.o(.text) refers (Special) to use_no_semi_2.o(.text) for __use_no_semihosting
    usart.o(.text) refers to stm32f10x_rcc.o(.text) for RCC_APB2PeriphClockCmd
    usart.o(.text) refers to stm32f10x_gpio.o(.text) for GPIO_Init
    usart.o(.text) refers to misc.o(.text) for NVIC_Init
    usart.o(.text) refers to stm32f10x_usart.o(.text) for USART_Init
    usart.o(.text) refers to usart.o(.data) for USART_RX_STA
    usart.o(.text) refers to usart.o(.bss) for USART_RX_BUF
    usart.o(.bss) refers (Special) to use_no_semi_2.o(.text) for __use_no_semihosting
    usart.o(.data) refers (Special) to use_no_semi_2.o(.text) for __use_no_semihosting
    startup_stm32f10x_md.o(STACK) refers (Special) to heapauxi.o(.text) for __use_two_region_memory
    startup_stm32f10x_md.o(HEAP) refers (Special) to heapauxi.o(.text) for __use_two_region_memory
    startup_stm32f10x_md.o(RESET) refers (Special) to heapauxi.o(.text) for __use_two_region_memory
    startup_stm32f10x_md.o(RESET) refers to startup_stm32f10x_md.o(STACK) for __initial_sp
    startup_stm32f10x_md.o(RESET) refers to startup_stm32f10x_md.o(.text) for Reset_Handler
    startup_stm32f10x_md.o(RESET) refers to stm32f10x_it.o(.text) for NMI_Handler
    startup_stm32f10x_md.o(RESET) refers to usart.o(.text) for USART1_IRQHandler
    startup_stm32f10x_md.o(.text) refers (Special) to heapauxi.o(.text) for __use_two_region_memory
    startup_stm32f10x_md.o(.text) refers to system_stm32f10x.o(.text) for SystemInit
    startup_stm32f10x_md.o(.text) refers to __main.o(!!!main) for __main
    startup_stm32f10x_md.o(.text) refers to startup_stm32f10x_md.o(HEAP) for Heap_Mem
    startup_stm32f10x_md.o(.text) refers to startup_stm32f10x_md.o(STACK) for Stack_Mem
    stm32f10x_adc.o(.text) refers to stm32f10x_rcc.o(.text) for RCC_APB2PeriphResetCmd
    stm32f10x_bkp.o(.text) refers to stm32f10x_rcc.o(.text) for RCC_BackupResetCmd
    stm32f10x_can.o(.text) refers to stm32f10x_rcc.o(.text) for RCC_APB1PeriphResetCmd
    stm32f10x_cec.o(.text) refers to stm32f10x_rcc.o(.text) for RCC_APB1PeriphResetCmd
    stm32f10x_dac.o(.text) refers to stm32f10x_rcc.o(.text) for RCC_APB1PeriphResetCmd
    stm32f10x_gpio.o(.text) refers to stm32f10x_rcc.o(.text) for RCC_APB2PeriphResetCmd
    stm32f10x_i2c.o(.text) refers to stm32f10x_rcc.o(.text) for RCC_APB1PeriphResetCmd
    stm32f10x_pwr.o(.text) refers to stm32f10x_rcc.o(.text) for RCC_APB1PeriphResetCmd
    stm32f10x_rcc.o(.text) refers to stm32f10x_rcc.o(.data) for APBAHBPrescTable
    stm32f10x_spi.o(.text) refers to stm32f10x_rcc.o(.text) for RCC_APB2PeriphResetCmd
    stm32f10x_tim.o(.text) refers to stm32f10x_rcc.o(.text) for RCC_APB2PeriphResetCmd
    stm32f10x_usart.o(.text) refers to stm32f10x_rcc.o(.text) for RCC_APB2PeriphResetCmd
    stm32f10x_wwdg.o(.text) refers to stm32f10x_rcc.o(.text) for RCC_APB1PeriphResetCmd
    use_no_semi_2.o(.text) refers (Special) to use_no_semi.o(.text) for __use_no_semihosting_swi
    __main.o(!!!main) refers to __rtentry.o(.ARM.Collect$$rtentry$$00000000) for __rt_entry
    d2f.o(x$fpl$d2f) refers (Special) to usenofp.o(x$fpl$usenofp) for __I$use$fp
    d2f.o(x$fpl$d2f) refers to fretinf.o(x$fpl$fretinf) for __fpl_fretinf
    d2f.o(x$fpl$d2f) refers to dnaninf.o(x$fpl$dnaninf) for __fpl_dnaninf
    ddiv.o(x$fpl$drdiv) refers (Special) to usenofp.o(x$fpl$usenofp) for __I$use$fp
    ddiv.o(x$fpl$drdiv) refers to ddiv.o(x$fpl$ddiv) for ddiv_entry
    ddiv.o(x$fpl$ddiv) refers (Special) to usenofp.o(x$fpl$usenofp) for __I$use$fp
    ddiv.o(x$fpl$ddiv) refers to dretinf.o(x$fpl$dretinf) for __fpl_dretinf
    ddiv.o(x$fpl$ddiv) refers to dnaninf.o(x$fpl$dnaninf) for __fpl_dnaninf
    f2d.o(x$fpl$f2d) refers (Special) to usenofp.o(x$fpl$usenofp) for __I$use$fp
    f2d.o(x$fpl$f2d) refers to fnaninf.o(x$fpl$fnaninf) for __fpl_fnaninf
    f2d.o(x$fpl$f2d) refers to dretinf.o(x$fpl$dretinf) for __fpl_dretinf
    ffixu.o(x$fpl$ffixu) refers (Special) to usenofp.o(x$fpl$usenofp) for __I$use$fp
    ffixu.o(x$fpl$ffixu) refers to fnaninf.o(x$fpl$fnaninf) for __fpl_fnaninf
    ffixu.o(x$fpl$ffixur) refers (Special) to usenofp.o(x$fpl$usenofp) for __I$use$fp
    ffixu.o(x$fpl$ffixur) refers to fnaninf.o(x$fpl$fnaninf) for __fpl_fnaninf
    fflt_clz.o(x$fpl$ffltu) refers (Special) to usenofp.o(x$fpl$usenofp) for __I$use$fp
    fflt_clz.o(x$fpl$fflt) refers (Special) to usenofp.o(x$fpl$usenofp) for __I$use$fp
    fflt_clz.o(x$fpl$ffltn) refers (Special) to usenofp.o(x$fpl$usenofp) for __I$use$fp
    fleqf.o(x$fpl$fleqf) refers (Special) to usenofp.o(x$fpl$usenofp) for __I$use$fp
    fleqf.o(x$fpl$fleqf) refers to fnaninf.o(x$fpl$fnaninf) for __fpl_fnaninf
    fleqf.o(x$fpl$fleqf) refers to fcmpi.o(x$fpl$fcmpinf) for __fpl_fcmp_Inf
    frleqf.o(x$fpl$frleqf) refers (Special) to usenofp.o(x$fpl$usenofp) for __I$use$fp
    frleqf.o(x$fpl$frleqf) refers to fleqf.o(x$fpl$fleqf) for __fpl_fcmple_InfNaN
    __rtentry.o(.ARM.Collect$$rtentry$$00000000) refers (Special) to __rtentry2.o(.ARM.Collect$$rtentry$$0000000A) for __rt_entry_li
    __rtentry.o(.ARM.Collect$$rtentry$$00000000) refers (Special) to __rtentry2.o(.ARM.Collect$$rtentry$$0000000D) for __rt_entry_main
    __rtentry.o(.ARM.Collect$$rtentry$$00000000) refers (Special) to __rtentry2.o(.ARM.Collect$$rtentry$$0000000C) for __rt_entry_postli_1
    __rtentry.o(.ARM.Collect$$rtentry$$00000000) refers (Special) to __rtentry2.o(.ARM.Collect$$rtentry$$00000009) for __rt_entry_postsh_1
    __rtentry.o(.ARM.Collect$$rtentry$$00000000) refers (Special) to __rtentry2.o(.ARM.Collect$$rtentry$$00000002) for __rt_entry_presh_1
    __rtentry.o(.ARM.Collect$$rtentry$$00000000) refers (Special) to __rtentry4.o(.ARM.Collect$$rtentry$$00000004) for __rt_entry_sh
    dnaninf.o(x$fpl$dnaninf) refers (Special) to usenofp.o(x$fpl$usenofp) for __I$use$fp
    dretinf.o(x$fpl$dretinf) refers (Special) to usenofp.o(x$fpl$usenofp) for __I$use$fp
    fcmpi.o(x$fpl$fcmpinf) refers (Special) to usenofp.o(x$fpl$usenofp) for __I$use$fp
    fnaninf.o(x$fpl$fnaninf) refers (Special) to usenofp.o(x$fpl$usenofp) for __I$use$fp
    fretinf.o(x$fpl$fretinf) refers (Special) to usenofp.o(x$fpl$usenofp) for __I$use$fp
    __rtentry2.o(.ARM.Collect$$rtentry$$00000008) refers to boardinit2.o(.text) for _platform_post_stackheap_init
    __rtentry2.o(.ARM.Collect$$rtentry$$0000000A) refers to libinit.o(.ARM.Collect$$libinit$$00000000) for __rt_lib_init
    __rtentry2.o(.ARM.Collect$$rtentry$$0000000B) refers to boardinit3.o(.text) for _platform_post_lib_init
    __rtentry2.o(.ARM.Collect$$rtentry$$0000000D) refers to main.o(.text) for main
    __rtentry2.o(.ARM.Collect$$rtentry$$0000000D) refers to exit.o(.text) for exit
    __rtentry2.o(.ARM.exidx) refers to __rtentry2.o(.ARM.Collect$$rtentry$$00000001) for .ARM.Collect$$rtentry$$00000001
    __rtentry2.o(.ARM.exidx) refers to __rtentry2.o(.ARM.Collect$$rtentry$$00000008) for .ARM.Collect$$rtentry$$00000008
    __rtentry2.o(.ARM.exidx) refers to __rtentry2.o(.ARM.Collect$$rtentry$$0000000A) for .ARM.Collect$$rtentry$$0000000A
    __rtentry2.o(.ARM.exidx) refers to __rtentry2.o(.ARM.Collect$$rtentry$$0000000B) for .ARM.Collect$$rtentry$$0000000B
    __rtentry2.o(.ARM.exidx) refers to __rtentry2.o(.ARM.Collect$$rtentry$$0000000D) for .ARM.Collect$$rtentry$$0000000D
    __rtentry4.o(.ARM.Collect$$rtentry$$00000004) refers to sys_stackheap_outer.o(.text) for __user_setup_stackheap
    __rtentry4.o(.ARM.exidx) refers to __rtentry4.o(.ARM.Collect$$rtentry$$00000004) for .ARM.Collect$$rtentry$$00000004
    sys_stackheap_outer.o(.text) refers to libspace.o(.text) for __user_perproc_libspace
    sys_stackheap_outer.o(.text) refers to startup_stm32f10x_md.o(.text) for __user_initial_stackheap
    exit.o(.text) refers to rtexit.o(.ARM.Collect$$rtexit$$00000000) for __rt_exit
    libinit.o(.ARM.Collect$$libinit$$00000000) refers (Special) to libinit2.o(.ARM.Collect$$libinit$$0000002E) for __rt_lib_init_alloca_1
    libinit.o(.ARM.Collect$$libinit$$00000000) refers (Special) to libinit2.o(.ARM.Collect$$libinit$$0000002C) for __rt_lib_init_argv_1
    libinit.o(.ARM.Collect$$libinit$$00000000) refers (Special) to libinit2.o(.ARM.Collect$$libinit$$0000001B) for __rt_lib_init_atexit_1
    libinit.o(.ARM.Collect$$libinit$$00000000) refers (Special) to libinit2.o(.ARM.Collect$$libinit$$00000021) for __rt_lib_init_clock_1
    libinit.o(.ARM.Collect$$libinit$$00000000) refers (Special) to libinit2.o(.ARM.Collect$$libinit$$00000032) for __rt_lib_init_cpp_1
    libinit.o(.ARM.Collect$$libinit$$00000000) refers (Special) to libinit2.o(.ARM.Collect$$libinit$$00000030) for __rt_lib_init_exceptions_1
    libinit.o(.ARM.Collect$$libinit$$00000000) refers (Special) to libinit2.o(.ARM.Collect$$libinit$$00000002) for __rt_lib_init_fp_1
    libinit.o(.ARM.Collect$$libinit$$00000000) refers (Special) to libinit2.o(.ARM.Collect$$libinit$$0000001F) for __rt_lib_init_fp_trap_1
    libinit.o(.ARM.Collect$$libinit$$00000000) refers (Special) to libinit2.o(.ARM.Collect$$libinit$$00000023) for __rt_lib_init_getenv_1
    libinit.o(.ARM.Collect$$libinit$$00000000) refers (Special) to libinit2.o(.ARM.Collect$$libinit$$0000000A) for __rt_lib_init_heap_1
    libinit.o(.ARM.Collect$$libinit$$00000000) refers (Special) to libinit2.o(.ARM.Collect$$libinit$$00000011) for __rt_lib_init_lc_collate_1
    libinit.o(.ARM.Collect$$libinit$$00000000) refers (Special) to libinit2.o(.ARM.Collect$$libinit$$00000013) for __rt_lib_init_lc_ctype_1
    libinit.o(.ARM.Collect$$libinit$$00000000) refers (Special) to libinit2.o(.ARM.Collect$$libinit$$00000015) for __rt_lib_init_lc_monetary_1
    libinit.o(.ARM.Collect$$libinit$$00000000) refers (Special) to libinit2.o(.ARM.Collect$$libinit$$00000017) for __rt_lib_init_lc_numeric_1
    libinit.o(.ARM.Collect$$libinit$$00000000) refers (Special) to libinit2.o(.ARM.Collect$$libinit$$00000019) for __rt_lib_init_lc_time_1
    libinit.o(.ARM.Collect$$libinit$$00000000) refers (Special) to libinit2.o(.ARM.Collect$$libinit$$00000004) for __rt_lib_init_preinit_1
    libinit.o(.ARM.Collect$$libinit$$00000000) refers (Special) to libinit2.o(.ARM.Collect$$libinit$$0000000E) for __rt_lib_init_rand_1
    libinit.o(.ARM.Collect$$libinit$$00000000) refers (Special) to libinit2.o(.ARM.Collect$$libinit$$00000033) for __rt_lib_init_return
    libinit.o(.ARM.Collect$$libinit$$00000000) refers (Special) to libinit2.o(.ARM.Collect$$libinit$$0000001D) for __rt_lib_init_signal_1
    libinit.o(.ARM.Collect$$libinit$$00000000) refers (Special) to libinit2.o(.ARM.Collect$$libinit$$00000025) for __rt_lib_init_stdio_1
    libinit.o(.ARM.Collect$$libinit$$00000000) refers (Special) to libinit2.o(.ARM.Collect$$libinit$$0000000C) for __rt_lib_init_user_alloc_1
    libspace.o(.text) refers to libspace.o(.bss) for __libspace_start
    rtexit.o(.ARM.Collect$$rtexit$$00000000) refers (Special) to rtexit2.o(.ARM.Collect$$rtexit$$00000004) for __rt_exit_exit
    rtexit.o(.ARM.Collect$$rtexit$$00000000) refers (Special) to rtexit2.o(.ARM.Collect$$rtexit$$00000003) for __rt_exit_ls
    rtexit.o(.ARM.Collect$$rtexit$$00000000) refers (Special) to rtexit2.o(.ARM.Collect$$rtexit$$00000002) for __rt_exit_prels_1
    rtexit.o(.ARM.exidx) refers (Special) to rtexit2.o(.ARM.Collect$$rtexit$$00000004) for __rt_exit_exit
    rtexit.o(.ARM.exidx) refers (Special) to rtexit2.o(.ARM.Collect$$rtexit$$00000003) for __rt_exit_ls
    rtexit.o(.ARM.exidx) refers (Special) to rtexit2.o(.ARM.Collect$$rtexit$$00000002) for __rt_exit_prels_1
    rtexit.o(.ARM.exidx) refers to rtexit.o(.ARM.Collect$$rtexit$$00000000) for .ARM.Collect$$rtexit$$00000000
    libinit2.o(.ARM.Collect$$libinit$$00000010) refers to libinit2.o(.ARM.Collect$$libinit$$0000000F) for .ARM.Collect$$libinit$$0000000F
    libinit2.o(.ARM.Collect$$libinit$$00000012) refers to libinit2.o(.ARM.Collect$$libinit$$0000000F) for .ARM.Collect$$libinit$$0000000F
    libinit2.o(.ARM.Collect$$libinit$$00000014) refers to libinit2.o(.ARM.Collect$$libinit$$0000000F) for .ARM.Collect$$libinit$$0000000F
    libinit2.o(.ARM.Collect$$libinit$$00000016) refers to libinit2.o(.ARM.Collect$$libinit$$0000000F) for .ARM.Collect$$libinit$$0000000F
    libinit2.o(.ARM.Collect$$libinit$$00000018) refers to libinit2.o(.ARM.Collect$$libinit$$0000000F) for .ARM.Collect$$libinit$$0000000F
    libinit2.o(.ARM.Collect$$libinit$$00000026) refers to argv_veneer.o(.emb_text) for __ARM_argv_veneer
    libinit2.o(.ARM.Collect$$libinit$$00000027) refers to argv_veneer.o(.emb_text) for __ARM_argv_veneer
    rtexit2.o(.ARM.Collect$$rtexit$$00000003) refers to libshutdown.o(.ARM.Collect$$libshutdown$$00000000) for __rt_lib_shutdown
    rtexit2.o(.ARM.Collect$$rtexit$$00000004) refers to usart.o(.text) for _sys_exit
    rtexit2.o(.ARM.exidx) refers to rtexit2.o(.ARM.Collect$$rtexit$$00000001) for .ARM.Collect$$rtexit$$00000001
    rtexit2.o(.ARM.exidx) refers to rtexit2.o(.ARM.Collect$$rtexit$$00000003) for .ARM.Collect$$rtexit$$00000003
    rtexit2.o(.ARM.exidx) refers to rtexit2.o(.ARM.Collect$$rtexit$$00000004) for .ARM.Collect$$rtexit$$00000004
    argv_veneer.o(.emb_text) refers to no_argv.o(.text) for __ARM_get_argv
    _get_argv_nomalloc.o(.text) refers (Special) to hrguard.o(.text) for __heap_region$guard
    _get_argv_nomalloc.o(.text) refers to defsig_rtmem_outer.o(.text) for __rt_SIGRTMEM
    _get_argv_nomalloc.o(.text) refers to sys_command.o(.text) for _sys_command_string
    libshutdown.o(.ARM.Collect$$libshutdown$$00000000) refers (Special) to libshutdown2.o(.ARM.Collect$$libshutdown$$00000002) for __rt_lib_shutdown_cpp_1
    libshutdown.o(.ARM.Collect$$libshutdown$$00000000) refers (Special) to libshutdown2.o(.ARM.Collect$$libshutdown$$00000007) for __rt_lib_shutdown_fp_trap_1
    libshutdown.o(.ARM.Collect$$libshutdown$$00000000) refers (Special) to libshutdown2.o(.ARM.Collect$$libshutdown$$0000000F) for __rt_lib_shutdown_heap_1
    libshutdown.o(.ARM.Collect$$libshutdown$$00000000) refers (Special) to libshutdown2.o(.ARM.Collect$$libshutdown$$00000010) for __rt_lib_shutdown_return
    libshutdown.o(.ARM.Collect$$libshutdown$$00000000) refers (Special) to libshutdown2.o(.ARM.Collect$$libshutdown$$0000000A) for __rt_lib_shutdown_signal_1
    libshutdown.o(.ARM.Collect$$libshutdown$$00000000) refers (Special) to libshutdown2.o(.ARM.Collect$$libshutdown$$00000004) for __rt_lib_shutdown_stdio_1
    libshutdown.o(.ARM.Collect$$libshutdown$$00000000) refers (Special) to libshutdown2.o(.ARM.Collect$$libshutdown$$0000000C) for __rt_lib_shutdown_user_alloc_1
    sys_command.o(.text) refers (Special) to use_no_semi.o(.text) for __I$use$semihosting
    sys_command.o(.text) refers (Special) to indicate_semi.o(.text) for __semihosting_library_function
    defsig_rtmem_outer.o(.text) refers to defsig_rtmem_inner.o(.text) for __rt_SIGRTMEM_inner
    defsig_rtmem_outer.o(.text) refers to defsig_exit.o(.text) for __sig_exit
    defsig_rtmem_formal.o(.text) refers to rt_raise.o(.text) for __rt_raise
    rt_raise.o(.text) refers to __raise.o(.text) for __raise
    rt_raise.o(.text) refers to usart.o(.text) for _sys_exit
    defsig_exit.o(.text) refers to usart.o(.text) for _sys_exit
    defsig_rtmem_inner.o(.text) refers to defsig_general.o(.text) for __default_signal_display
    __raise.o(.text) refers to defsig.o(CL$$defsig) for __default_signal_handler
    defsig_general.o(.text) refers to sys_wrch.o(.text) for _ttywrch
    sys_wrch.o(.text) refers (Special) to use_no_semi.o(.text) for __I$use$semihosting
    sys_wrch.o(.text) refers (Special) to indicate_semi.o(.text) for __semihosting_library_function
    defsig.o(CL$$defsig) refers to defsig_rtmem_inner.o(.text) for __rt_SIGRTMEM_inner
    defsig_abrt_inner.o(.text) refers to defsig_general.o(.text) for __default_signal_display
    defsig_fpe_inner.o(.text) refers to defsig_general.o(.text) for __default_signal_display
    defsig_rtred_inner.o(.text) refers to defsig_general.o(.text) for __default_signal_display
    defsig_stak_inner.o(.text) refers to defsig_general.o(.text) for __default_signal_display
    defsig_pvfn_inner.o(.text) refers to defsig_general.o(.text) for __default_signal_display
    defsig_cppl_inner.o(.text) refers to defsig_general.o(.text) for __default_signal_display
    defsig_segv_inner.o(.text) refers to defsig_general.o(.text) for __default_signal_display
    defsig_other.o(.text) refers to defsig_general.o(.text) for __default_signal_display


==============================================================================

Removing Unused input sections from the image.

    Removing core_cm3.o(.emb_text), (32 bytes).
    Removing stm32f10x_adc.o(.text), (1102 bytes).
    Removing stm32f10x_bkp.o(.text), (196 bytes).
    Removing stm32f10x_can.o(.text), (2544 bytes).
    Removing stm32f10x_cec.o(.text), (288 bytes).
    Removing stm32f10x_crc.o(.text), (72 bytes).
    Removing stm32f10x_dac.o(.text), (396 bytes).
    Removing stm32f10x_dbgmcu.o(.text), (48 bytes).
    Removing stm32f10x_dma.o(.text), (596 bytes).
    Removing stm32f10x_exti.o(.text), (284 bytes).
    Removing stm32f10x_flash.o(.text), (1468 bytes).
    Removing stm32f10x_fsmc.o(.text), (1548 bytes).
    Removing stm32f10x_i2c.o(.text), (1028 bytes).
    Removing stm32f10x_iwdg.o(.text), (64 bytes).
    Removing stm32f10x_pwr.o(.text), (204 bytes).
    Removing stm32f10x_rtc.o(.text), (328 bytes).
    Removing stm32f10x_sdio.o(.text), (468 bytes).
    Removing stm32f10x_spi.o(.text), (780 bytes).
    Removing stm32f10x_tim.o(.text), (3610 bytes).
    Removing stm32f10x_wwdg.o(.text), (136 bytes).

20 unused section(s) (total 15192 bytes) removed from the image.

==============================================================================

Image Symbol Table

    Local Symbols

    Symbol Name                              Value     Ov Type        Size  Object(Section)

    ../clib/angel/boardlib.s                 0x00000000   Number         0  boardinit2.o ABSOLUTE
    ../clib/angel/boardlib.s                 0x00000000   Number         0  boardshut.o ABSOLUTE
    ../clib/angel/boardlib.s                 0x00000000   Number         0  boardinit3.o ABSOLUTE
    ../clib/angel/boardlib.s                 0x00000000   Number         0  boardinit1.o ABSOLUTE
    ../clib/angel/dczerorl2.s                0x00000000   Number         0  __dczerorl2.o ABSOLUTE
    ../clib/angel/handlers.s                 0x00000000   Number         0  __scatter_zi.o ABSOLUTE
    ../clib/angel/kernel.s                   0x00000000   Number         0  rtexit2.o ABSOLUTE
    ../clib/angel/kernel.s                   0x00000000   Number         0  __rtentry.o ABSOLUTE
    ../clib/angel/kernel.s                   0x00000000   Number         0  rtexit.o ABSOLUTE
    ../clib/angel/kernel.s                   0x00000000   Number         0  __rtentry4.o ABSOLUTE
    ../clib/angel/kernel.s                   0x00000000   Number         0  __rtentry2.o ABSOLUTE
    ../clib/angel/rt.s                       0x00000000   Number         0  rt_raise.o ABSOLUTE
    ../clib/angel/scatter.s                  0x00000000   Number         0  __scatter.o ABSOLUTE
    ../clib/angel/startup.s                  0x00000000   Number         0  __main.o ABSOLUTE
    ../clib/angel/sys.s                      0x00000000   Number         0  use_no_semi.o ABSOLUTE
    ../clib/angel/sys.s                      0x00000000   Number         0  use_no_semi_2.o ABSOLUTE
    ../clib/angel/sys.s                      0x00000000   Number         0  libspace.o ABSOLUTE
    ../clib/angel/sys.s                      0x00000000   Number         0  indicate_semi.o ABSOLUTE
    ../clib/angel/sys.s                      0x00000000   Number         0  sys_stackheap_outer.o ABSOLUTE
    ../clib/angel/sysapp.c                   0x00000000   Number         0  sys_command.o ABSOLUTE
    ../clib/angel/sysapp.c                   0x00000000   Number         0  sys_wrch.o ABSOLUTE
    ../clib/armsys.c                         0x00000000   Number         0  no_argv.o ABSOLUTE
    ../clib/armsys.c                         0x00000000   Number         0  argv_veneer.o ABSOLUTE
    ../clib/armsys.c                         0x00000000   Number         0  _get_argv_nomalloc.o ABSOLUTE
    ../clib/armsys.c                         0x00000000   Number         0  argv_veneer.o ABSOLUTE
    ../clib/heapalloc.c                      0x00000000   Number         0  hrguard.o ABSOLUTE
    ../clib/heapaux.c                        0x00000000   Number         0  heapauxi.o ABSOLUTE
    ../clib/libinit.s                        0x00000000   Number         0  libinit.o ABSOLUTE
    ../clib/libinit.s                        0x00000000   Number         0  libinit2.o ABSOLUTE
    ../clib/libinit.s                        0x00000000   Number         0  libshutdown2.o ABSOLUTE
    ../clib/libinit.s                        0x00000000   Number         0  libshutdown.o ABSOLUTE
    ../clib/signal.c                         0x00000000   Number         0  defsig_abrt_inner.o ABSOLUTE
    ../clib/signal.c                         0x00000000   Number         0  defsig_general.o ABSOLUTE
    ../clib/signal.c                         0x00000000   Number         0  defsig_rtmem_inner.o ABSOLUTE
    ../clib/signal.c                         0x00000000   Number         0  defsig_exit.o ABSOLUTE
    ../clib/signal.c                         0x00000000   Number         0  __raise.o ABSOLUTE
    ../clib/signal.c                         0x00000000   Number         0  defsig_rtmem_formal.o ABSOLUTE
    ../clib/signal.c                         0x00000000   Number         0  defsig_rtmem_outer.o ABSOLUTE
    ../clib/signal.c                         0x00000000   Number         0  defsig_cppl_inner.o ABSOLUTE
    ../clib/signal.c                         0x00000000   Number         0  defsig_other.o ABSOLUTE
    ../clib/signal.c                         0x00000000   Number         0  defsig_segv_inner.o ABSOLUTE
    ../clib/signal.c                         0x00000000   Number         0  defsig_pvfn_inner.o ABSOLUTE
    ../clib/signal.c                         0x00000000   Number         0  defsig_stak_inner.o ABSOLUTE
    ../clib/signal.c                         0x00000000   Number         0  defsig_rtred_inner.o ABSOLUTE
    ../clib/signal.c                         0x00000000   Number         0  defsig_fpe_inner.o ABSOLUTE
    ../clib/signal.s                         0x00000000   Number         0  defsig.o ABSOLUTE
    ../clib/stdlib.c                         0x00000000   Number         0  exit.o ABSOLUTE
    ../fplib/d2f.s                           0x00000000   Number         0  d2f.o ABSOLUTE
    ../fplib/ddiv.s                          0x00000000   Number         0  ddiv.o ABSOLUTE
    ../fplib/dnaninf.s                       0x00000000   Number         0  dnaninf.o ABSOLUTE
    ../fplib/dretinf.s                       0x00000000   Number         0  dretinf.o ABSOLUTE
    ../fplib/f2d.s                           0x00000000   Number         0  f2d.o ABSOLUTE
    ../fplib/fcmpi.s                         0x00000000   Number         0  fcmpi.o ABSOLUTE
    ../fplib/ffixu.s                         0x00000000   Number         0  ffixu.o ABSOLUTE
    ../fplib/fflt.s                          0x00000000   Number         0  fflt_clz.o ABSOLUTE
    ../fplib/fleqf.s                         0x00000000   Number         0  fleqf.o ABSOLUTE
    ../fplib/fnaninf.s                       0x00000000   Number         0  fnaninf.o ABSOLUTE
    ../fplib/fpinit.s                        0x00000000   Number         0  fpinit.o ABSOLUTE
    ../fplib/fretinf.s                       0x00000000   Number         0  fretinf.o ABSOLUTE
    ../fplib/frleqf.s                        0x00000000   Number         0  frleqf.o ABSOLUTE
    ../fplib/usenofp.s                       0x00000000   Number         0  usenofp.o ABSOLUTE
    ..\CORE\core_cm3.c                       0x00000000   Number         0  core_cm3.o ABSOLUTE
    ..\CORE\startup_stm32f10x_md.s           0x00000000   Number         0  startup_stm32f10x_md.o ABSOLUTE
    ..\HARDWARE\BEEP\beep.c                  0x00000000   Number         0  beep.o ABSOLUTE
    ..\HARDWARE\BH1750\bh1750.c              0x00000000   Number         0  bh1750.o ABSOLUTE
    ..\HARDWARE\DHT11\dht11.c                0x00000000   Number         0  dht11.o ABSOLUTE
    ..\HARDWARE\IIC\i2c.c                    0x00000000   Number         0  i2c.o ABSOLUTE
    ..\HARDWARE\LED\led.c                    0x00000000   Number         0  led.o ABSOLUTE
    ..\HARDWARE\OLED\oled.c                  0x00000000   Number         0  oled.o ABSOLUTE
    ..\STM32F10x_FWLib\src\misc.c            0x00000000   Number         0  misc.o ABSOLUTE
    ..\STM32F10x_FWLib\src\stm32f10x_adc.c   0x00000000   Number         0  stm32f10x_adc.o ABSOLUTE
    ..\STM32F10x_FWLib\src\stm32f10x_bkp.c   0x00000000   Number         0  stm32f10x_bkp.o ABSOLUTE
    ..\STM32F10x_FWLib\src\stm32f10x_can.c   0x00000000   Number         0  stm32f10x_can.o ABSOLUTE
    ..\STM32F10x_FWLib\src\stm32f10x_cec.c   0x00000000   Number         0  stm32f10x_cec.o ABSOLUTE
    ..\STM32F10x_FWLib\src\stm32f10x_crc.c   0x00000000   Number         0  stm32f10x_crc.o ABSOLUTE
    ..\STM32F10x_FWLib\src\stm32f10x_dac.c   0x00000000   Number         0  stm32f10x_dac.o ABSOLUTE
    ..\STM32F10x_FWLib\src\stm32f10x_dbgmcu.c 0x00000000   Number         0  stm32f10x_dbgmcu.o ABSOLUTE
    ..\STM32F10x_FWLib\src\stm32f10x_dma.c   0x00000000   Number         0  stm32f10x_dma.o ABSOLUTE
    ..\STM32F10x_FWLib\src\stm32f10x_exti.c  0x00000000   Number         0  stm32f10x_exti.o ABSOLUTE
    ..\STM32F10x_FWLib\src\stm32f10x_flash.c 0x00000000   Number         0  stm32f10x_flash.o ABSOLUTE
    ..\STM32F10x_FWLib\src\stm32f10x_fsmc.c  0x00000000   Number         0  stm32f10x_fsmc.o ABSOLUTE
    ..\STM32F10x_FWLib\src\stm32f10x_gpio.c  0x00000000   Number         0  stm32f10x_gpio.o ABSOLUTE
    ..\STM32F10x_FWLib\src\stm32f10x_i2c.c   0x00000000   Number         0  stm32f10x_i2c.o ABSOLUTE
    ..\STM32F10x_FWLib\src\stm32f10x_iwdg.c  0x00000000   Number         0  stm32f10x_iwdg.o ABSOLUTE
    ..\STM32F10x_FWLib\src\stm32f10x_pwr.c   0x00000000   Number         0  stm32f10x_pwr.o ABSOLUTE
    ..\STM32F10x_FWLib\src\stm32f10x_rcc.c   0x00000000   Number         0  stm32f10x_rcc.o ABSOLUTE
    ..\STM32F10x_FWLib\src\stm32f10x_rtc.c   0x00000000   Number         0  stm32f10x_rtc.o ABSOLUTE
    ..\STM32F10x_FWLib\src\stm32f10x_sdio.c  0x00000000   Number         0  stm32f10x_sdio.o ABSOLUTE
    ..\STM32F10x_FWLib\src\stm32f10x_spi.c   0x00000000   Number         0  stm32f10x_spi.o ABSOLUTE
    ..\STM32F10x_FWLib\src\stm32f10x_tim.c   0x00000000   Number         0  stm32f10x_tim.o ABSOLUTE
    ..\STM32F10x_FWLib\src\stm32f10x_usart.c 0x00000000   Number         0  stm32f10x_usart.o ABSOLUTE
    ..\STM32F10x_FWLib\src\stm32f10x_wwdg.c  0x00000000   Number         0  stm32f10x_wwdg.o ABSOLUTE
    ..\SYSTEM\delay\delay.c                  0x00000000   Number         0  delay.o ABSOLUTE
    ..\SYSTEM\sys\sys.c                      0x00000000   Number         0  sys.o ABSOLUTE
    ..\SYSTEM\usart\usart.c                  0x00000000   Number         0  usart.o ABSOLUTE
    ..\\CORE\\core_cm3.c                     0x00000000   Number         0  core_cm3.o ABSOLUTE
    dc.s                                     0x00000000   Number         0  dc.o ABSOLUTE
    main.c                                   0x00000000   Number         0  main.o ABSOLUTE
    stm32f10x_it.c                           0x00000000   Number         0  stm32f10x_it.o ABSOLUTE
    system_stm32f10x.c                       0x00000000   Number         0  system_stm32f10x.o ABSOLUTE
    RESET                                    0x08000000   Section      236  startup_stm32f10x_md.o(RESET)
    !!!main                                  0x080000ec   Section        8  __main.o(!!!main)
    !!!scatter                               0x080000f4   Section       52  __scatter.o(!!!scatter)
    !!dczerorl2                              0x08000128   Section       90  __dczerorl2.o(!!dczerorl2)
    !!handler_zi                             0x08000184   Section       28  __scatter_zi.o(!!handler_zi)
    .ARM.Collect$$libinit$$00000000          0x080001a0   Section        2  libinit.o(.ARM.Collect$$libinit$$00000000)
    .ARM.Collect$$libinit$$00000002          0x080001a2   Section        0  libinit2.o(.ARM.Collect$$libinit$$00000002)
    .ARM.Collect$$libinit$$00000004          0x080001a2   Section        0  libinit2.o(.ARM.Collect$$libinit$$00000004)
    .ARM.Collect$$libinit$$0000000A          0x080001a2   Section        0  libinit2.o(.ARM.Collect$$libinit$$0000000A)
    .ARM.Collect$$libinit$$0000000C          0x080001a2   Section        0  libinit2.o(.ARM.Collect$$libinit$$0000000C)
    .ARM.Collect$$libinit$$0000000E          0x080001a2   Section        0  libinit2.o(.ARM.Collect$$libinit$$0000000E)
    .ARM.Collect$$libinit$$00000011          0x080001a2   Section        0  libinit2.o(.ARM.Collect$$libinit$$00000011)
    .ARM.Collect$$libinit$$00000013          0x080001a2   Section        0  libinit2.o(.ARM.Collect$$libinit$$00000013)
    .ARM.Collect$$libinit$$00000015          0x080001a2   Section        0  libinit2.o(.ARM.Collect$$libinit$$00000015)
    .ARM.Collect$$libinit$$00000017          0x080001a2   Section        0  libinit2.o(.ARM.Collect$$libinit$$00000017)
    .ARM.Collect$$libinit$$00000019          0x080001a2   Section        0  libinit2.o(.ARM.Collect$$libinit$$00000019)
    .ARM.Collect$$libinit$$0000001B          0x080001a2   Section        0  libinit2.o(.ARM.Collect$$libinit$$0000001B)
    .ARM.Collect$$libinit$$0000001D          0x080001a2   Section        0  libinit2.o(.ARM.Collect$$libinit$$0000001D)
    .ARM.Collect$$libinit$$0000001F          0x080001a2   Section        0  libinit2.o(.ARM.Collect$$libinit$$0000001F)
    .ARM.Collect$$libinit$$00000021          0x080001a2   Section        0  libinit2.o(.ARM.Collect$$libinit$$00000021)
    .ARM.Collect$$libinit$$00000023          0x080001a2   Section        0  libinit2.o(.ARM.Collect$$libinit$$00000023)
    .ARM.Collect$$libinit$$00000025          0x080001a2   Section        0  libinit2.o(.ARM.Collect$$libinit$$00000025)
    .ARM.Collect$$libinit$$0000002C          0x080001a2   Section        0  libinit2.o(.ARM.Collect$$libinit$$0000002C)
    .ARM.Collect$$libinit$$0000002E          0x080001a2   Section        0  libinit2.o(.ARM.Collect$$libinit$$0000002E)
    .ARM.Collect$$libinit$$00000030          0x080001a2   Section        0  libinit2.o(.ARM.Collect$$libinit$$00000030)
    .ARM.Collect$$libinit$$00000032          0x080001a2   Section        0  libinit2.o(.ARM.Collect$$libinit$$00000032)
    .ARM.Collect$$libinit$$00000033          0x080001a2   Section        2  libinit2.o(.ARM.Collect$$libinit$$00000033)
    .ARM.Collect$$libshutdown$$00000000      0x080001a4   Section        2  libshutdown.o(.ARM.Collect$$libshutdown$$00000000)
    .ARM.Collect$$libshutdown$$00000002      0x080001a6   Section        0  libshutdown2.o(.ARM.Collect$$libshutdown$$00000002)
    .ARM.Collect$$libshutdown$$00000004      0x080001a6   Section        0  libshutdown2.o(.ARM.Collect$$libshutdown$$00000004)
    .ARM.Collect$$libshutdown$$00000007      0x080001a6   Section        0  libshutdown2.o(.ARM.Collect$$libshutdown$$00000007)
    .ARM.Collect$$libshutdown$$0000000A      0x080001a6   Section        0  libshutdown2.o(.ARM.Collect$$libshutdown$$0000000A)
    .ARM.Collect$$libshutdown$$0000000C      0x080001a6   Section        0  libshutdown2.o(.ARM.Collect$$libshutdown$$0000000C)
    .ARM.Collect$$libshutdown$$0000000F      0x080001a6   Section        0  libshutdown2.o(.ARM.Collect$$libshutdown$$0000000F)
    .ARM.Collect$$libshutdown$$00000010      0x080001a6   Section        2  libshutdown2.o(.ARM.Collect$$libshutdown$$00000010)
    .ARM.Collect$$rtentry$$00000000          0x080001a8   Section        0  __rtentry.o(.ARM.Collect$$rtentry$$00000000)
    .ARM.Collect$$rtentry$$00000002          0x080001a8   Section        0  __rtentry2.o(.ARM.Collect$$rtentry$$00000002)
    .ARM.Collect$$rtentry$$00000004          0x080001a8   Section        6  __rtentry4.o(.ARM.Collect$$rtentry$$00000004)
    .ARM.Collect$$rtentry$$00000009          0x080001ae   Section        0  __rtentry2.o(.ARM.Collect$$rtentry$$00000009)
    .ARM.Collect$$rtentry$$0000000A          0x080001ae   Section        4  __rtentry2.o(.ARM.Collect$$rtentry$$0000000A)
    .ARM.Collect$$rtentry$$0000000C          0x080001b2   Section        0  __rtentry2.o(.ARM.Collect$$rtentry$$0000000C)
    .ARM.Collect$$rtentry$$0000000D          0x080001b2   Section        8  __rtentry2.o(.ARM.Collect$$rtentry$$0000000D)
    .ARM.Collect$$rtexit$$00000000           0x080001ba   Section        2  rtexit.o(.ARM.Collect$$rtexit$$00000000)
    .ARM.Collect$$rtexit$$00000002           0x080001bc   Section        0  rtexit2.o(.ARM.Collect$$rtexit$$00000002)
    .ARM.Collect$$rtexit$$00000003           0x080001bc   Section        4  rtexit2.o(.ARM.Collect$$rtexit$$00000003)
    .ARM.Collect$$rtexit$$00000004           0x080001c0   Section        6  rtexit2.o(.ARM.Collect$$rtexit$$00000004)
    .text                                    0x080001c8   Section        0  main.o(.text)
    .text                                    0x08000564   Section        0  stm32f10x_it.o(.text)
    .text                                    0x08000580   Section        0  system_stm32f10x.o(.text)
    SetSysClockTo72                          0x08000581   Thumb Code   214  system_stm32f10x.o(.text)
    SetSysClock                              0x08000657   Thumb Code     8  system_stm32f10x.o(.text)
    .text                                    0x08000760   Section        0  led.o(.text)
    .text                                    0x080007c4   Section        0  dht11.o(.text)
    .text                                    0x0800095c   Section        0  oled.o(.text)
    .text                                    0x08000e34   Section        0  beep.o(.text)
    .text                                    0x08000e68   Section        0  bh1750.o(.text)
    .text                                    0x08000f44   Section        0  i2c.o(.text)
    .text                                    0x08001160   Section        0  delay.o(.text)
    .text                                    0x0800120c   Section        0  sys.o(.text)
    .text                                    0x08001218   Section        0  usart.o(.text)
    .text                                    0x08001358   Section       64  startup_stm32f10x_md.o(.text)
    .text                                    0x08001398   Section        0  misc.o(.text)
    .text                                    0x08001474   Section        0  stm32f10x_gpio.o(.text)
    .text                                    0x080017d0   Section        0  stm32f10x_rcc.o(.text)
    .text                                    0x08001b74   Section        0  stm32f10x_usart.o(.text)
    .text                                    0x08001f7c   Section        2  use_no_semi_2.o(.text)
    .text                                    0x08001f7e   Section        0  heapauxi.o(.text)
    .text                                    0x08001f84   Section        2  use_no_semi.o(.text)
    .text                                    0x08001f86   Section       74  sys_stackheap_outer.o(.text)
    .text                                    0x08001fd0   Section        0  exit.o(.text)
    .text                                    0x08001fe4   Section        8  libspace.o(.text)
    x$fpl$d2f                                0x08001fec   Section       98  d2f.o(x$fpl$d2f)
    x$fpl$ddiv                               0x08002050   Section      688  ddiv.o(x$fpl$ddiv)
    ddiv_entry                               0x08002057   Thumb Code     0  ddiv.o(x$fpl$ddiv)
    x$fpl$dnaninf                            0x08002300   Section      156  dnaninf.o(x$fpl$dnaninf)
    x$fpl$dretinf                            0x0800239c   Section       12  dretinf.o(x$fpl$dretinf)
    x$fpl$f2d                                0x080023a8   Section       86  f2d.o(x$fpl$f2d)
    x$fpl$fcmpinf                            0x080023fe   Section       24  fcmpi.o(x$fpl$fcmpinf)
    x$fpl$ffixu                              0x08002418   Section       62  ffixu.o(x$fpl$ffixu)
    x$fpl$ffltu                              0x08002458   Section       38  fflt_clz.o(x$fpl$ffltu)
    x$fpl$fleqf                              0x08002480   Section      104  fleqf.o(x$fpl$fleqf)
    x$fpl$fnaninf                            0x080024e8   Section      140  fnaninf.o(x$fpl$fnaninf)
    x$fpl$fretinf                            0x08002574   Section       10  fretinf.o(x$fpl$fretinf)
    x$fpl$frleqf                             0x0800257e   Section       98  frleqf.o(x$fpl$frleqf)
    .constdata                               0x080025e0   Section     2072  oled.o(.constdata)
    x$fpl$usenofp                            0x080025e0   Section        0  usenofp.o(x$fpl$usenofp)
    .data                                    0x20000000   Section       20  system_stm32f10x.o(.data)
    .data                                    0x20000014   Section      384  oled.o(.data)
    .data                                    0x20000194   Section        8  bh1750.o(.data)
    .data                                    0x2000019c   Section        4  delay.o(.data)
    fac_us                                   0x2000019c   Data           1  delay.o(.data)
    fac_ms                                   0x2000019e   Data           2  delay.o(.data)
    .data                                    0x200001a0   Section        5  usart.o(.data)
    .data                                    0x200001a5   Section       20  stm32f10x_rcc.o(.data)
    APBAHBPrescTable                         0x200001a5   Data          16  stm32f10x_rcc.o(.data)
    ADCPrescTable                            0x200001b5   Data           4  stm32f10x_rcc.o(.data)
    .bss                                     0x200001bc   Section       64  usart.o(.bss)
    .bss                                     0x200001fc   Section       96  libspace.o(.bss)
    HEAP                                     0x20000260   Section      512  startup_stm32f10x_md.o(HEAP)
    Heap_Mem                                 0x20000260   Data         512  startup_stm32f10x_md.o(HEAP)
    STACK                                    0x20000460   Section     1024  startup_stm32f10x_md.o(STACK)
    Stack_Mem                                0x20000460   Data        1024  startup_stm32f10x_md.o(STACK)
    __initial_sp                             0x20000860   Data           0  startup_stm32f10x_md.o(STACK)

    Global Symbols

    Symbol Name                              Value     Ov Type        Size  Object(Section)

    BuildAttributes$$THM_ISAv4$P$D$K$B$S$PE$A:L22UL41UL21$X:L11$S22US41US21$IEEE1$IW$USESV6$~STKCKD$USESV7$~SHL$OSPACE$ROPI$EBA8$UX$STANDARDLIB$REQ8$PRES8$EABIv2 0x00000000   Number         0  anon$$obj.o ABSOLUTE
    __ARM_use_no_argv                        0x00000000   Number         0  main.o ABSOLUTE
    __ARM_exceptions_init                     - Undefined Weak Reference
    __alloca_initialize                       - Undefined Weak Reference
    __arm_preinit_                            - Undefined Weak Reference
    __cpp_initialize__aeabi_                  - Undefined Weak Reference
    __cxa_finalize                            - Undefined Weak Reference
    __rt_locale                               - Undefined Weak Reference
    __sigvec_lookup                           - Undefined Weak Reference
    _atexit_init                              - Undefined Weak Reference
    _call_atexit_fns                          - Undefined Weak Reference
    _clock_init                               - Undefined Weak Reference
    _fp_trap_init                             - Undefined Weak Reference
    _fp_trap_shutdown                         - Undefined Weak Reference
    _get_lc_collate                           - Undefined Weak Reference
    _get_lc_ctype                             - Undefined Weak Reference
    _get_lc_monetary                          - Undefined Weak Reference
    _get_lc_numeric                           - Undefined Weak Reference
    _get_lc_time                              - Undefined Weak Reference
    _getenv_init                              - Undefined Weak Reference
    _handle_redirection                       - Undefined Weak Reference
    _init_alloc                               - Undefined Weak Reference
    _init_user_alloc                          - Undefined Weak Reference
    _initio                                   - Undefined Weak Reference
    _rand_init                                - Undefined Weak Reference
    _signal_finish                            - Undefined Weak Reference
    _signal_init                              - Undefined Weak Reference
    _terminate_alloc                          - Undefined Weak Reference
    _terminate_user_alloc                     - Undefined Weak Reference
    _terminateio                              - Undefined Weak Reference
    __Vectors_Size                           0x000000ec   Number         0  startup_stm32f10x_md.o ABSOLUTE
    __Vectors                                0x08000000   Data           4  startup_stm32f10x_md.o(RESET)
    __Vectors_End                            0x080000ec   Data           0  startup_stm32f10x_md.o(RESET)
    __main                                   0x080000ed   Thumb Code     8  __main.o(!!!main)
    __scatterload                            0x080000f5   Thumb Code     0  __scatter.o(!!!scatter)
    __scatterload_rt2                        0x080000f5   Thumb Code    44  __scatter.o(!!!scatter)
    __scatterload_rt2_thumb_only             0x080000f5   Thumb Code     0  __scatter.o(!!!scatter)
    __scatterload_null                       0x08000103   Thumb Code     0  __scatter.o(!!!scatter)
    __decompress                             0x08000129   Thumb Code    90  __dczerorl2.o(!!dczerorl2)
    __decompress1                            0x08000129   Thumb Code     0  __dczerorl2.o(!!dczerorl2)
    __scatterload_zeroinit                   0x08000185   Thumb Code    28  __scatter_zi.o(!!handler_zi)
    __rt_lib_init                            0x080001a1   Thumb Code     0  libinit.o(.ARM.Collect$$libinit$$00000000)
    __rt_lib_init_alloca_1                   0x080001a3   Thumb Code     0  libinit2.o(.ARM.Collect$$libinit$$0000002E)
    __rt_lib_init_argv_1                     0x080001a3   Thumb Code     0  libinit2.o(.ARM.Collect$$libinit$$0000002C)
    __rt_lib_init_atexit_1                   0x080001a3   Thumb Code     0  libinit2.o(.ARM.Collect$$libinit$$0000001B)
    __rt_lib_init_clock_1                    0x080001a3   Thumb Code     0  libinit2.o(.ARM.Collect$$libinit$$00000021)
    __rt_lib_init_cpp_1                      0x080001a3   Thumb Code     0  libinit2.o(.ARM.Collect$$libinit$$00000032)
    __rt_lib_init_exceptions_1               0x080001a3   Thumb Code     0  libinit2.o(.ARM.Collect$$libinit$$00000030)
    __rt_lib_init_fp_1                       0x080001a3   Thumb Code     0  libinit2.o(.ARM.Collect$$libinit$$00000002)
    __rt_lib_init_fp_trap_1                  0x080001a3   Thumb Code     0  libinit2.o(.ARM.Collect$$libinit$$0000001F)
    __rt_lib_init_getenv_1                   0x080001a3   Thumb Code     0  libinit2.o(.ARM.Collect$$libinit$$00000023)
    __rt_lib_init_heap_1                     0x080001a3   Thumb Code     0  libinit2.o(.ARM.Collect$$libinit$$0000000A)
    __rt_lib_init_lc_collate_1               0x080001a3   Thumb Code     0  libinit2.o(.ARM.Collect$$libinit$$00000011)
    __rt_lib_init_lc_ctype_1                 0x080001a3   Thumb Code     0  libinit2.o(.ARM.Collect$$libinit$$00000013)
    __rt_lib_init_lc_monetary_1              0x080001a3   Thumb Code     0  libinit2.o(.ARM.Collect$$libinit$$00000015)
    __rt_lib_init_lc_numeric_1               0x080001a3   Thumb Code     0  libinit2.o(.ARM.Collect$$libinit$$00000017)
    __rt_lib_init_lc_time_1                  0x080001a3   Thumb Code     0  libinit2.o(.ARM.Collect$$libinit$$00000019)
    __rt_lib_init_preinit_1                  0x080001a3   Thumb Code     0  libinit2.o(.ARM.Collect$$libinit$$00000004)
    __rt_lib_init_rand_1                     0x080001a3   Thumb Code     0  libinit2.o(.ARM.Collect$$libinit$$0000000E)
    __rt_lib_init_return                     0x080001a3   Thumb Code     0  libinit2.o(.ARM.Collect$$libinit$$00000033)
    __rt_lib_init_signal_1                   0x080001a3   Thumb Code     0  libinit2.o(.ARM.Collect$$libinit$$0000001D)
    __rt_lib_init_stdio_1                    0x080001a3   Thumb Code     0  libinit2.o(.ARM.Collect$$libinit$$00000025)
    __rt_lib_init_user_alloc_1               0x080001a3   Thumb Code     0  libinit2.o(.ARM.Collect$$libinit$$0000000C)
    __rt_lib_shutdown                        0x080001a5   Thumb Code     0  libshutdown.o(.ARM.Collect$$libshutdown$$00000000)
    __rt_lib_shutdown_cpp_1                  0x080001a7   Thumb Code     0  libshutdown2.o(.ARM.Collect$$libshutdown$$00000002)
    __rt_lib_shutdown_fp_trap_1              0x080001a7   Thumb Code     0  libshutdown2.o(.ARM.Collect$$libshutdown$$00000007)
    __rt_lib_shutdown_heap_1                 0x080001a7   Thumb Code     0  libshutdown2.o(.ARM.Collect$$libshutdown$$0000000F)
    __rt_lib_shutdown_return                 0x080001a7   Thumb Code     0  libshutdown2.o(.ARM.Collect$$libshutdown$$00000010)
    __rt_lib_shutdown_signal_1               0x080001a7   Thumb Code     0  libshutdown2.o(.ARM.Collect$$libshutdown$$0000000A)
    __rt_lib_shutdown_stdio_1                0x080001a7   Thumb Code     0  libshutdown2.o(.ARM.Collect$$libshutdown$$00000004)
    __rt_lib_shutdown_user_alloc_1           0x080001a7   Thumb Code     0  libshutdown2.o(.ARM.Collect$$libshutdown$$0000000C)
    __rt_entry                               0x080001a9   Thumb Code     0  __rtentry.o(.ARM.Collect$$rtentry$$00000000)
    __rt_entry_presh_1                       0x080001a9   Thumb Code     0  __rtentry2.o(.ARM.Collect$$rtentry$$00000002)
    __rt_entry_sh                            0x080001a9   Thumb Code     0  __rtentry4.o(.ARM.Collect$$rtentry$$00000004)
    __rt_entry_li                            0x080001af   Thumb Code     0  __rtentry2.o(.ARM.Collect$$rtentry$$0000000A)
    __rt_entry_postsh_1                      0x080001af   Thumb Code     0  __rtentry2.o(.ARM.Collect$$rtentry$$00000009)
    __rt_entry_main                          0x080001b3   Thumb Code     0  __rtentry2.o(.ARM.Collect$$rtentry$$0000000D)
    __rt_entry_postli_1                      0x080001b3   Thumb Code     0  __rtentry2.o(.ARM.Collect$$rtentry$$0000000C)
    __rt_exit                                0x080001bb   Thumb Code     0  rtexit.o(.ARM.Collect$$rtexit$$00000000)
    __rt_exit_ls                             0x080001bd   Thumb Code     0  rtexit2.o(.ARM.Collect$$rtexit$$00000003)
    __rt_exit_prels_1                        0x080001bd   Thumb Code     0  rtexit2.o(.ARM.Collect$$rtexit$$00000002)
    __rt_exit_exit                           0x080001c1   Thumb Code     0  rtexit2.o(.ARM.Collect$$rtexit$$00000004)
    main                                     0x080001c9   Thumb Code   810  main.o(.text)
    NMI_Handler                              0x08000565   Thumb Code     2  stm32f10x_it.o(.text)
    HardFault_Handler                        0x08000567   Thumb Code     4  stm32f10x_it.o(.text)
    MemManage_Handler                        0x0800056b   Thumb Code     4  stm32f10x_it.o(.text)
    BusFault_Handler                         0x0800056f   Thumb Code     4  stm32f10x_it.o(.text)
    UsageFault_Handler                       0x08000573   Thumb Code     4  stm32f10x_it.o(.text)
    SVC_Handler                              0x08000577   Thumb Code     2  stm32f10x_it.o(.text)
    DebugMon_Handler                         0x08000579   Thumb Code     2  stm32f10x_it.o(.text)
    PendSV_Handler                           0x0800057b   Thumb Code     2  stm32f10x_it.o(.text)
    SysTick_Handler                          0x0800057d   Thumb Code     2  stm32f10x_it.o(.text)
    SystemInit                               0x0800065f   Thumb Code    78  system_stm32f10x.o(.text)
    SystemCoreClockUpdate                    0x080006ad   Thumb Code   142  system_stm32f10x.o(.text)
    LED_Init                                 0x08000761   Thumb Code    92  led.o(.text)
    DHT11_Rst                                0x080007c5   Thumb Code    52  dht11.o(.text)
    DHT11_Check                              0x080007f9   Thumb Code    96  dht11.o(.text)
    DHT11_Read_Bit                           0x08000859   Thumb Code    76  dht11.o(.text)
    DHT11_Read_Byte                          0x080008a5   Thumb Code    30  dht11.o(.text)
    DHT11_Read_Data                          0x080008c3   Thumb Code    88  dht11.o(.text)
    DHT11_Init                               0x0800091b   Thumb Code    54  dht11.o(.text)
    OLED_WR_Byte                             0x0800095d   Thumb Code   120  oled.o(.text)
    OLED_Set_Pos                             0x080009d5   Thumb Code    46  oled.o(.text)
    OLED_Display_On                          0x08000a03   Thumb Code    28  oled.o(.text)
    OLED_Display_Off                         0x08000a1f   Thumb Code    28  oled.o(.text)
    OLED_Clear                               0x08000a3b   Thumb Code    64  oled.o(.text)
    OLED_ShowChar                            0x08000a7b   Thumb Code   106  oled.o(.text)
    oled_pow                                 0x08000ae5   Thumb Code    22  oled.o(.text)
    OLED_ShowNum                             0x08000afb   Thumb Code   132  oled.o(.text)
    OLED_ShowString                          0x08000b7f   Thumb Code    54  oled.o(.text)
    OLED_ShowCHinese                         0x08000bb5   Thumb Code    98  oled.o(.text)
    OLED_DrawBMP                             0x08000c17   Thumb Code   118  oled.o(.text)
    OLED_Init                                0x08000c8d   Thumb Code   422  oled.o(.text)
    BEEP_Init                                0x08000e35   Thumb Code    46  beep.o(.text)
    Init_BH1750                              0x08000e69   Thumb Code     8  bh1750.o(.text)
    Cmd_Write_BH1750                         0x08000e71   Thumb Code    52  bh1750.o(.text)
    Start_BH1750                             0x08000ea5   Thumb Code    22  bh1750.o(.text)
    Read_BH1750                              0x08000ebb   Thumb Code    54  bh1750.o(.text)
    Convert_BH1750                           0x08000ef1   Thumb Code    66  bh1750.o(.text)
    i2c_Port_Init                            0x08000f45   Thumb Code    52  i2c.o(.text)
    SDA_OUT                                  0x08000f79   Thumb Code    32  i2c.o(.text)
    SDA_IN                                   0x08000f99   Thumb Code    32  i2c.o(.text)
    I2C_Start                                0x08000fb9   Thumb Code    50  i2c.o(.text)
    I2C_Stop                                 0x08000feb   Thumb Code    44  i2c.o(.text)
    I2C_Wait_Ack                             0x08001017   Thumb Code    68  i2c.o(.text)
    I2C_Ack                                  0x0800105b   Thumb Code    48  i2c.o(.text)
    I2C_NAck                                 0x0800108b   Thumb Code    48  i2c.o(.text)
    I2C_Send_Byte                            0x080010bb   Thumb Code    72  i2c.o(.text)
    I2C_Read_Byte                            0x08001103   Thumb Code    80  i2c.o(.text)
    delay_init                               0x08001161   Thumb Code    52  delay.o(.text)
    delay_ms                                 0x08001195   Thumb Code    56  delay.o(.text)
    delay_us                                 0x080011cd   Thumb Code    56  delay.o(.text)
    NVIC_Configuration                       0x0800120d   Thumb Code    12  sys.o(.text)
    _sys_exit                                0x08001219   Thumb Code     6  usart.o(.text)
    fputc                                    0x0800121f   Thumb Code    24  usart.o(.text)
    uart_init                                0x08001237   Thumb Code   152  usart.o(.text)
    USART1_IRQHandler                        0x080012cf   Thumb Code   122  usart.o(.text)
    Reset_Handler                            0x08001359   Thumb Code     8  startup_stm32f10x_md.o(.text)
    ADC1_2_IRQHandler                        0x08001373   Thumb Code     0  startup_stm32f10x_md.o(.text)
    CAN1_RX1_IRQHandler                      0x08001373   Thumb Code     0  startup_stm32f10x_md.o(.text)
    CAN1_SCE_IRQHandler                      0x08001373   Thumb Code     0  startup_stm32f10x_md.o(.text)
    DMA1_Channel1_IRQHandler                 0x08001373   Thumb Code     0  startup_stm32f10x_md.o(.text)
    DMA1_Channel2_IRQHandler                 0x08001373   Thumb Code     0  startup_stm32f10x_md.o(.text)
    DMA1_Channel3_IRQHandler                 0x08001373   Thumb Code     0  startup_stm32f10x_md.o(.text)
    DMA1_Channel4_IRQHandler                 0x08001373   Thumb Code     0  startup_stm32f10x_md.o(.text)
    DMA1_Channel5_IRQHandler                 0x08001373   Thumb Code     0  startup_stm32f10x_md.o(.text)
    DMA1_Channel6_IRQHandler                 0x08001373   Thumb Code     0  startup_stm32f10x_md.o(.text)
    DMA1_Channel7_IRQHandler                 0x08001373   Thumb Code     0  startup_stm32f10x_md.o(.text)
    EXTI0_IRQHandler                         0x08001373   Thumb Code     0  startup_stm32f10x_md.o(.text)
    EXTI15_10_IRQHandler                     0x08001373   Thumb Code     0  startup_stm32f10x_md.o(.text)
    EXTI1_IRQHandler                         0x08001373   Thumb Code     0  startup_stm32f10x_md.o(.text)
    EXTI2_IRQHandler                         0x08001373   Thumb Code     0  startup_stm32f10x_md.o(.text)
    EXTI3_IRQHandler                         0x08001373   Thumb Code     0  startup_stm32f10x_md.o(.text)
    EXTI4_IRQHandler                         0x08001373   Thumb Code     0  startup_stm32f10x_md.o(.text)
    EXTI9_5_IRQHandler                       0x08001373   Thumb Code     0  startup_stm32f10x_md.o(.text)
    FLASH_IRQHandler                         0x08001373   Thumb Code     0  startup_stm32f10x_md.o(.text)
    I2C1_ER_IRQHandler                       0x08001373   Thumb Code     0  startup_stm32f10x_md.o(.text)
    I2C1_EV_IRQHandler                       0x08001373   Thumb Code     0  startup_stm32f10x_md.o(.text)
    I2C2_ER_IRQHandler                       0x08001373   Thumb Code     0  startup_stm32f10x_md.o(.text)
    I2C2_EV_IRQHandler                       0x08001373   Thumb Code     0  startup_stm32f10x_md.o(.text)
    PVD_IRQHandler                           0x08001373   Thumb Code     0  startup_stm32f10x_md.o(.text)
    RCC_IRQHandler                           0x08001373   Thumb Code     0  startup_stm32f10x_md.o(.text)
    RTCAlarm_IRQHandler                      0x08001373   Thumb Code     0  startup_stm32f10x_md.o(.text)
    RTC_IRQHandler                           0x08001373   Thumb Code     0  startup_stm32f10x_md.o(.text)
    SPI1_IRQHandler                          0x08001373   Thumb Code     0  startup_stm32f10x_md.o(.text)
    SPI2_IRQHandler                          0x08001373   Thumb Code     0  startup_stm32f10x_md.o(.text)
    TAMPER_IRQHandler                        0x08001373   Thumb Code     0  startup_stm32f10x_md.o(.text)
    TIM1_BRK_IRQHandler                      0x08001373   Thumb Code     0  startup_stm32f10x_md.o(.text)
    TIM1_CC_IRQHandler                       0x08001373   Thumb Code     0  startup_stm32f10x_md.o(.text)
    TIM1_TRG_COM_IRQHandler                  0x08001373   Thumb Code     0  startup_stm32f10x_md.o(.text)
    TIM1_UP_IRQHandler                       0x08001373   Thumb Code     0  startup_stm32f10x_md.o(.text)
    TIM2_IRQHandler                          0x08001373   Thumb Code     0  startup_stm32f10x_md.o(.text)
    TIM3_IRQHandler                          0x08001373   Thumb Code     0  startup_stm32f10x_md.o(.text)
    TIM4_IRQHandler                          0x08001373   Thumb Code     0  startup_stm32f10x_md.o(.text)
    USART2_IRQHandler                        0x08001373   Thumb Code     0  startup_stm32f10x_md.o(.text)
    USART3_IRQHandler                        0x08001373   Thumb Code     0  startup_stm32f10x_md.o(.text)
    USBWakeUp_IRQHandler                     0x08001373   Thumb Code     0  startup_stm32f10x_md.o(.text)
    USB_HP_CAN1_TX_IRQHandler                0x08001373   Thumb Code     0  startup_stm32f10x_md.o(.text)
    USB_LP_CAN1_RX0_IRQHandler               0x08001373   Thumb Code     0  startup_stm32f10x_md.o(.text)
    WWDG_IRQHandler                          0x08001373   Thumb Code     0  startup_stm32f10x_md.o(.text)
    __user_initial_stackheap                 0x08001375   Thumb Code     0  startup_stm32f10x_md.o(.text)
    NVIC_PriorityGroupConfig                 0x08001399   Thumb Code    10  misc.o(.text)
    NVIC_Init                                0x080013a3   Thumb Code   100  misc.o(.text)
    NVIC_SetVectorTable                      0x08001407   Thumb Code    14  misc.o(.text)
    NVIC_SystemLPConfig                      0x08001415   Thumb Code    34  misc.o(.text)
    SysTick_CLKSourceConfig                  0x08001437   Thumb Code    40  misc.o(.text)
    GPIO_DeInit                              0x08001475   Thumb Code   172  stm32f10x_gpio.o(.text)
    GPIO_AFIODeInit                          0x08001521   Thumb Code    20  stm32f10x_gpio.o(.text)
    GPIO_Init                                0x08001535   Thumb Code   278  stm32f10x_gpio.o(.text)
    GPIO_StructInit                          0x0800164b   Thumb Code    16  stm32f10x_gpio.o(.text)
    GPIO_ReadInputDataBit                    0x0800165b   Thumb Code    18  stm32f10x_gpio.o(.text)
    GPIO_ReadInputData                       0x0800166d   Thumb Code     8  stm32f10x_gpio.o(.text)
    GPIO_ReadOutputDataBit                   0x08001675   Thumb Code    18  stm32f10x_gpio.o(.text)
    GPIO_ReadOutputData                      0x08001687   Thumb Code     8  stm32f10x_gpio.o(.text)
    GPIO_SetBits                             0x0800168f   Thumb Code     4  stm32f10x_gpio.o(.text)
    GPIO_ResetBits                           0x08001693   Thumb Code     4  stm32f10x_gpio.o(.text)
    GPIO_WriteBit                            0x08001697   Thumb Code    10  stm32f10x_gpio.o(.text)
    GPIO_Write                               0x080016a1   Thumb Code     4  stm32f10x_gpio.o(.text)
    GPIO_PinLockConfig                       0x080016a5   Thumb Code    18  stm32f10x_gpio.o(.text)
    GPIO_EventOutputConfig                   0x080016b7   Thumb Code    26  stm32f10x_gpio.o(.text)
    GPIO_EventOutputCmd                      0x080016d1   Thumb Code     6  stm32f10x_gpio.o(.text)
    GPIO_PinRemapConfig                      0x080016d7   Thumb Code   138  stm32f10x_gpio.o(.text)
    GPIO_EXTILineConfig                      0x08001761   Thumb Code    66  stm32f10x_gpio.o(.text)
    GPIO_ETH_MediaInterfaceConfig            0x080017a3   Thumb Code     8  stm32f10x_gpio.o(.text)
    RCC_DeInit                               0x080017d1   Thumb Code    64  stm32f10x_rcc.o(.text)
    RCC_HSEConfig                            0x08001811   Thumb Code    70  stm32f10x_rcc.o(.text)
    RCC_GetFlagStatus                        0x08001857   Thumb Code    56  stm32f10x_rcc.o(.text)
    RCC_WaitForHSEStartUp                    0x0800188f   Thumb Code    56  stm32f10x_rcc.o(.text)
    RCC_AdjustHSICalibrationValue            0x080018c7   Thumb Code    20  stm32f10x_rcc.o(.text)
    RCC_HSICmd                               0x080018db   Thumb Code     6  stm32f10x_rcc.o(.text)
    RCC_PLLConfig                            0x080018e1   Thumb Code    24  stm32f10x_rcc.o(.text)
    RCC_PLLCmd                               0x080018f9   Thumb Code     6  stm32f10x_rcc.o(.text)
    RCC_SYSCLKConfig                         0x080018ff   Thumb Code    18  stm32f10x_rcc.o(.text)
    RCC_GetSYSCLKSource                      0x08001911   Thumb Code    10  stm32f10x_rcc.o(.text)
    RCC_HCLKConfig                           0x0800191b   Thumb Code    18  stm32f10x_rcc.o(.text)
    RCC_PCLK1Config                          0x0800192d   Thumb Code    18  stm32f10x_rcc.o(.text)
    RCC_PCLK2Config                          0x0800193f   Thumb Code    20  stm32f10x_rcc.o(.text)
    RCC_ITConfig                             0x08001953   Thumb Code    26  stm32f10x_rcc.o(.text)
    RCC_USBCLKConfig                         0x0800196d   Thumb Code     8  stm32f10x_rcc.o(.text)
    RCC_ADCCLKConfig                         0x08001975   Thumb Code    18  stm32f10x_rcc.o(.text)
    RCC_LSEConfig                            0x08001987   Thumb Code    50  stm32f10x_rcc.o(.text)
    RCC_LSICmd                               0x080019b9   Thumb Code     6  stm32f10x_rcc.o(.text)
    RCC_RTCCLKConfig                         0x080019bf   Thumb Code    12  stm32f10x_rcc.o(.text)
    RCC_RTCCLKCmd                            0x080019cb   Thumb Code     8  stm32f10x_rcc.o(.text)
    RCC_GetClocksFreq                        0x080019d3   Thumb Code   192  stm32f10x_rcc.o(.text)
    RCC_AHBPeriphClockCmd                    0x08001a93   Thumb Code    26  stm32f10x_rcc.o(.text)
    RCC_APB2PeriphClockCmd                   0x08001aad   Thumb Code    26  stm32f10x_rcc.o(.text)
    RCC_APB1PeriphClockCmd                   0x08001ac7   Thumb Code    26  stm32f10x_rcc.o(.text)
    RCC_APB2PeriphResetCmd                   0x08001ae1   Thumb Code    26  stm32f10x_rcc.o(.text)
    RCC_APB1PeriphResetCmd                   0x08001afb   Thumb Code    26  stm32f10x_rcc.o(.text)
    RCC_BackupResetCmd                       0x08001b15   Thumb Code     8  stm32f10x_rcc.o(.text)
    RCC_ClockSecuritySystemCmd               0x08001b1d   Thumb Code     6  stm32f10x_rcc.o(.text)
    RCC_MCOConfig                            0x08001b23   Thumb Code     6  stm32f10x_rcc.o(.text)
    RCC_ClearFlag                            0x08001b29   Thumb Code    14  stm32f10x_rcc.o(.text)
    RCC_GetITStatus                          0x08001b37   Thumb Code    20  stm32f10x_rcc.o(.text)
    RCC_ClearITPendingBit                    0x08001b4b   Thumb Code     6  stm32f10x_rcc.o(.text)
    USART_DeInit                             0x08001b75   Thumb Code   134  stm32f10x_usart.o(.text)
    USART_Init                               0x08001bfb   Thumb Code   210  stm32f10x_usart.o(.text)
    USART_StructInit                         0x08001ccd   Thumb Code    24  stm32f10x_usart.o(.text)
    USART_ClockInit                          0x08001ce5   Thumb Code    34  stm32f10x_usart.o(.text)
    USART_ClockStructInit                    0x08001d07   Thumb Code    12  stm32f10x_usart.o(.text)
    USART_Cmd                                0x08001d13   Thumb Code    24  stm32f10x_usart.o(.text)
    USART_ITConfig                           0x08001d2b   Thumb Code    74  stm32f10x_usart.o(.text)
    USART_DMACmd                             0x08001d75   Thumb Code    18  stm32f10x_usart.o(.text)
    USART_SetAddress                         0x08001d87   Thumb Code    18  stm32f10x_usart.o(.text)
    USART_WakeUpConfig                       0x08001d99   Thumb Code    18  stm32f10x_usart.o(.text)
    USART_ReceiverWakeUpCmd                  0x08001dab   Thumb Code    24  stm32f10x_usart.o(.text)
    USART_LINBreakDetectLengthConfig         0x08001dc3   Thumb Code    18  stm32f10x_usart.o(.text)
    USART_LINCmd                             0x08001dd5   Thumb Code    24  stm32f10x_usart.o(.text)
    USART_SendData                           0x08001ded   Thumb Code     8  stm32f10x_usart.o(.text)
    USART_ReceiveData                        0x08001df5   Thumb Code    10  stm32f10x_usart.o(.text)
    USART_SendBreak                          0x08001dff   Thumb Code    10  stm32f10x_usart.o(.text)
    USART_SetGuardTime                       0x08001e09   Thumb Code    16  stm32f10x_usart.o(.text)
    USART_SetPrescaler                       0x08001e19   Thumb Code    16  stm32f10x_usart.o(.text)
    USART_SmartCardCmd                       0x08001e29   Thumb Code    24  stm32f10x_usart.o(.text)
    USART_SmartCardNACKCmd                   0x08001e41   Thumb Code    24  stm32f10x_usart.o(.text)
    USART_HalfDuplexCmd                      0x08001e59   Thumb Code    24  stm32f10x_usart.o(.text)
    USART_OverSampling8Cmd                   0x08001e71   Thumb Code    22  stm32f10x_usart.o(.text)
    USART_OneBitMethodCmd                    0x08001e87   Thumb Code    24  stm32f10x_usart.o(.text)
    USART_IrDAConfig                         0x08001e9f   Thumb Code    18  stm32f10x_usart.o(.text)
    USART_IrDACmd                            0x08001eb1   Thumb Code    24  stm32f10x_usart.o(.text)
    USART_GetFlagStatus                      0x08001ec9   Thumb Code    26  stm32f10x_usart.o(.text)
    USART_ClearFlag                          0x08001ee3   Thumb Code    18  stm32f10x_usart.o(.text)
    USART_GetITStatus                        0x08001ef5   Thumb Code    84  stm32f10x_usart.o(.text)
    USART_ClearITPendingBit                  0x08001f49   Thumb Code    52  stm32f10x_usart.o(.text)
    __use_no_semihosting                     0x08001f7d   Thumb Code     2  use_no_semi_2.o(.text)
    __use_two_region_memory                  0x08001f7f   Thumb Code     2  heapauxi.o(.text)
    __rt_heap_escrow$2region                 0x08001f81   Thumb Code     2  heapauxi.o(.text)
    __rt_heap_expand$2region                 0x08001f83   Thumb Code     2  heapauxi.o(.text)
    __I$use$semihosting                      0x08001f85   Thumb Code     0  use_no_semi.o(.text)
    __use_no_semihosting_swi                 0x08001f85   Thumb Code     2  use_no_semi.o(.text)
    __user_setup_stackheap                   0x08001f87   Thumb Code    74  sys_stackheap_outer.o(.text)
    exit                                     0x08001fd1   Thumb Code    18  exit.o(.text)
    __user_libspace                          0x08001fe5   Thumb Code     8  libspace.o(.text)
    __user_perproc_libspace                  0x08001fe5   Thumb Code     0  libspace.o(.text)
    __user_perthread_libspace                0x08001fe5   Thumb Code     0  libspace.o(.text)
    __aeabi_d2f                              0x08001fed   Thumb Code     0  d2f.o(x$fpl$d2f)
    _d2f                                     0x08001fed   Thumb Code    98  d2f.o(x$fpl$d2f)
    __aeabi_ddiv                             0x08002051   Thumb Code     0  ddiv.o(x$fpl$ddiv)
    _ddiv                                    0x08002051   Thumb Code   552  ddiv.o(x$fpl$ddiv)
    __fpl_dnaninf                            0x08002301   Thumb Code   156  dnaninf.o(x$fpl$dnaninf)
    __fpl_dretinf                            0x0800239d   Thumb Code    12  dretinf.o(x$fpl$dretinf)
    __aeabi_f2d                              0x080023a9   Thumb Code     0  f2d.o(x$fpl$f2d)
    _f2d                                     0x080023a9   Thumb Code    86  f2d.o(x$fpl$f2d)
    __fpl_fcmp_Inf                           0x080023ff   Thumb Code    24  fcmpi.o(x$fpl$fcmpinf)
    __aeabi_f2uiz                            0x08002419   Thumb Code     0  ffixu.o(x$fpl$ffixu)
    _ffixu                                   0x08002419   Thumb Code    62  ffixu.o(x$fpl$ffixu)
    __aeabi_ui2f                             0x08002459   Thumb Code     0  fflt_clz.o(x$fpl$ffltu)
    _ffltu                                   0x08002459   Thumb Code    38  fflt_clz.o(x$fpl$ffltu)
    __aeabi_cfcmple                          0x08002481   Thumb Code     0  fleqf.o(x$fpl$fleqf)
    _fcmple                                  0x08002481   Thumb Code   104  fleqf.o(x$fpl$fleqf)
    __fpl_fcmple_InfNaN                      0x080024d3   Thumb Code     0  fleqf.o(x$fpl$fleqf)
    __fpl_fnaninf                            0x080024e9   Thumb Code   140  fnaninf.o(x$fpl$fnaninf)
    __fpl_fretinf                            0x08002575   Thumb Code    10  fretinf.o(x$fpl$fretinf)
    __aeabi_cfrcmple                         0x0800257f   Thumb Code     0  frleqf.o(x$fpl$frleqf)
    _frcmple                                 0x0800257f   Thumb Code    98  frleqf.o(x$fpl$frleqf)
    F6x8                                     0x080025e0   Data         552  oled.o(.constdata)
    __I$use$fp                               0x080025e0   Number         0  usenofp.o(x$fpl$usenofp)
    F8X16                                    0x08002808   Data        1520  oled.o(.constdata)
    Region$$Table$$Base                      0x08002df8   Number         0  anon$$obj.o(Region$$Table)
    Region$$Table$$Limit                     0x08002e18   Number         0  anon$$obj.o(Region$$Table)
    SystemCoreClock                          0x20000000   Data           4  system_stm32f10x.o(.data)
    AHBPrescTable                            0x20000004   Data          16  system_stm32f10x.o(.data)
    Hzk                                      0x20000014   Data         384  oled.o(.data)
    result_lx                                0x20000194   Data           4  bh1750.o(.data)
    BUF                                      0x20000198   Data           2  bh1750.o(.data)
    result                                   0x2000019a   Data           2  bh1750.o(.data)
    __stdout                                 0x200001a0   Data           4  usart.o(.data)
    USART_RX_STA                             0x200001a4   Data           1  usart.o(.data)
    USART_RX_BUF                             0x200001bc   Data          64  usart.o(.bss)
    __libspace_start                         0x200001fc   Data          96  libspace.o(.bss)
    __temporary_stack_top$libspace           0x2000025c   Data           0  libspace.o(.bss)



==============================================================================

Memory Map of the image

  Image Entry point : 0x080000ed

  Load Region LR_IROM1 (Base: 0x08000000, Size: 0x00002fd4, Max: 0x00020000, ABSOLUTE, COMPRESSED[0x00002ec0])

    Execution Region ER_IROM1 (Base: 0x08000000, Size: 0x00002e18, Max: 0x00020000, ABSOLUTE)

    Base Addr    Size         Type   Attr      Idx    E Section Name        Object

    0x08000000   0x000000ec   Data   RO          340    RESET               startup_stm32f10x_md.o
    0x080000ec   0x00000008   Code   RO          629  * !!!main             c_w.l(__main.o)
    0x080000f4   0x00000034   Code   RO          819    !!!scatter          c_w.l(__scatter.o)
    0x08000128   0x0000005a   Code   RO          817    !!dczerorl2         c_w.l(__dczerorl2.o)
    0x08000182   0x00000002   PAD
    0x08000184   0x0000001c   Code   RO          821    !!handler_zi        c_w.l(__scatter_zi.o)
    0x080001a0   0x00000002   Code   RO          691    .ARM.Collect$$libinit$$00000000  c_w.l(libinit.o)
    0x080001a2   0x00000000   Code   RO          698    .ARM.Collect$$libinit$$00000002  c_w.l(libinit2.o)
    0x080001a2   0x00000000   Code   RO          700    .ARM.Collect$$libinit$$00000004  c_w.l(libinit2.o)
    0x080001a2   0x00000000   Code   RO          703    .ARM.Collect$$libinit$$0000000A  c_w.l(libinit2.o)
    0x080001a2   0x00000000   Code   RO          705    .ARM.Collect$$libinit$$0000000C  c_w.l(libinit2.o)
    0x080001a2   0x00000000   Code   RO          707    .ARM.Collect$$libinit$$0000000E  c_w.l(libinit2.o)
    0x080001a2   0x00000000   Code   RO          710    .ARM.Collect$$libinit$$00000011  c_w.l(libinit2.o)
    0x080001a2   0x00000000   Code   RO          712    .ARM.Collect$$libinit$$00000013  c_w.l(libinit2.o)
    0x080001a2   0x00000000   Code   RO          714    .ARM.Collect$$libinit$$00000015  c_w.l(libinit2.o)
    0x080001a2   0x00000000   Code   RO          716    .ARM.Collect$$libinit$$00000017  c_w.l(libinit2.o)
    0x080001a2   0x00000000   Code   RO          718    .ARM.Collect$$libinit$$00000019  c_w.l(libinit2.o)
    0x080001a2   0x00000000   Code   RO          720    .ARM.Collect$$libinit$$0000001B  c_w.l(libinit2.o)
    0x080001a2   0x00000000   Code   RO          722    .ARM.Collect$$libinit$$0000001D  c_w.l(libinit2.o)
    0x080001a2   0x00000000   Code   RO          724    .ARM.Collect$$libinit$$0000001F  c_w.l(libinit2.o)
    0x080001a2   0x00000000   Code   RO          726    .ARM.Collect$$libinit$$00000021  c_w.l(libinit2.o)
    0x080001a2   0x00000000   Code   RO          728    .ARM.Collect$$libinit$$00000023  c_w.l(libinit2.o)
    0x080001a2   0x00000000   Code   RO          730    .ARM.Collect$$libinit$$00000025  c_w.l(libinit2.o)
    0x080001a2   0x00000000   Code   RO          734    .ARM.Collect$$libinit$$0000002C  c_w.l(libinit2.o)
    0x080001a2   0x00000000   Code   RO          736    .ARM.Collect$$libinit$$0000002E  c_w.l(libinit2.o)
    0x080001a2   0x00000000   Code   RO          738    .ARM.Collect$$libinit$$00000030  c_w.l(libinit2.o)
    0x080001a2   0x00000000   Code   RO          740    .ARM.Collect$$libinit$$00000032  c_w.l(libinit2.o)
    0x080001a2   0x00000002   Code   RO          741    .ARM.Collect$$libinit$$00000033  c_w.l(libinit2.o)
    0x080001a4   0x00000002   Code   RO          759    .ARM.Collect$$libshutdown$$00000000  c_w.l(libshutdown.o)
    0x080001a6   0x00000000   Code   RO          769    .ARM.Collect$$libshutdown$$00000002  c_w.l(libshutdown2.o)
    0x080001a6   0x00000000   Code   RO          771    .ARM.Collect$$libshutdown$$00000004  c_w.l(libshutdown2.o)
    0x080001a6   0x00000000   Code   RO          774    .ARM.Collect$$libshutdown$$00000007  c_w.l(libshutdown2.o)
    0x080001a6   0x00000000   Code   RO          777    .ARM.Collect$$libshutdown$$0000000A  c_w.l(libshutdown2.o)
    0x080001a6   0x00000000   Code   RO          779    .ARM.Collect$$libshutdown$$0000000C  c_w.l(libshutdown2.o)
    0x080001a6   0x00000000   Code   RO          782    .ARM.Collect$$libshutdown$$0000000F  c_w.l(libshutdown2.o)
    0x080001a6   0x00000002   Code   RO          783    .ARM.Collect$$libshutdown$$00000010  c_w.l(libshutdown2.o)
    0x080001a8   0x00000000   Code   RO          655    .ARM.Collect$$rtentry$$00000000  c_w.l(__rtentry.o)
    0x080001a8   0x00000000   Code   RO          668    .ARM.Collect$$rtentry$$00000002  c_w.l(__rtentry2.o)
    0x080001a8   0x00000006   Code   RO          680    .ARM.Collect$$rtentry$$00000004  c_w.l(__rtentry4.o)
    0x080001ae   0x00000000   Code   RO          670    .ARM.Collect$$rtentry$$00000009  c_w.l(__rtentry2.o)
    0x080001ae   0x00000004   Code   RO          671    .ARM.Collect$$rtentry$$0000000A  c_w.l(__rtentry2.o)
    0x080001b2   0x00000000   Code   RO          673    .ARM.Collect$$rtentry$$0000000C  c_w.l(__rtentry2.o)
    0x080001b2   0x00000008   Code   RO          674    .ARM.Collect$$rtentry$$0000000D  c_w.l(__rtentry2.o)
    0x080001ba   0x00000002   Code   RO          695    .ARM.Collect$$rtexit$$00000000  c_w.l(rtexit.o)
    0x080001bc   0x00000000   Code   RO          743    .ARM.Collect$$rtexit$$00000002  c_w.l(rtexit2.o)
    0x080001bc   0x00000004   Code   RO          744    .ARM.Collect$$rtexit$$00000003  c_w.l(rtexit2.o)
    0x080001c0   0x00000006   Code   RO          745    .ARM.Collect$$rtexit$$00000004  c_w.l(rtexit2.o)
    0x080001c6   0x00000002   PAD
    0x080001c8   0x0000039c   Code   RO            1    .text               main.o
    0x08000564   0x0000001a   Code   RO          131    .text               stm32f10x_it.o
    0x0800057e   0x00000002   PAD
    0x08000580   0x000001e0   Code   RO          172    .text               system_stm32f10x.o
    0x08000760   0x00000064   Code   RO          190    .text               led.o
    0x080007c4   0x00000198   Code   RO          202    .text               dht11.o
    0x0800095c   0x000004d6   Code   RO          214    .text               oled.o
    0x08000e32   0x00000002   PAD
    0x08000e34   0x00000034   Code   RO          233    .text               beep.o
    0x08000e68   0x000000dc   Code   RO          245    .text               bh1750.o
    0x08000f44   0x0000021c   Code   RO          266    .text               i2c.o
    0x08001160   0x000000ac   Code   RO          278    .text               delay.o
    0x0800120c   0x0000000c   Code   RO          292    .text               sys.o
    0x08001218   0x00000140   Code   RO          304    .text               usart.o
    0x08001358   0x00000040   Code   RO          341    .text               startup_stm32f10x_md.o
    0x08001398   0x000000dc   Code   RO          345    .text               misc.o
    0x08001474   0x0000035c   Code   RO          489    .text               stm32f10x_gpio.o
    0x080017d0   0x000003a4   Code   RO          537    .text               stm32f10x_rcc.o
    0x08001b74   0x00000408   Code   RO          599    .text               stm32f10x_usart.o
    0x08001f7c   0x00000002   Code   RO          625    .text               c_w.l(use_no_semi_2.o)
    0x08001f7e   0x00000006   Code   RO          627    .text               c_w.l(heapauxi.o)
    0x08001f84   0x00000002   Code   RO          653    .text               c_w.l(use_no_semi.o)
    0x08001f86   0x0000004a   Code   RO          682    .text               c_w.l(sys_stackheap_outer.o)
    0x08001fd0   0x00000012   Code   RO          684    .text               c_w.l(exit.o)
    0x08001fe2   0x00000002   PAD
    0x08001fe4   0x00000008   Code   RO          692    .text               c_w.l(libspace.o)
    0x08001fec   0x00000062   Code   RO          631    x$fpl$d2f           fz_ws.l(d2f.o)
    0x0800204e   0x00000002   PAD
    0x08002050   0x000002b0   Code   RO          634    x$fpl$ddiv          fz_ws.l(ddiv.o)
    0x08002300   0x0000009c   Code   RO          656    x$fpl$dnaninf       fz_ws.l(dnaninf.o)
    0x0800239c   0x0000000c   Code   RO          658    x$fpl$dretinf       fz_ws.l(dretinf.o)
    0x080023a8   0x00000056   Code   RO          637    x$fpl$f2d           fz_ws.l(f2d.o)
    0x080023fe   0x00000018   Code   RO          660    x$fpl$fcmpinf       fz_ws.l(fcmpi.o)
    0x08002416   0x00000002   PAD
    0x08002418   0x0000003e   Code   RO          639    x$fpl$ffixu         fz_ws.l(ffixu.o)
    0x08002456   0x00000002   PAD
    0x08002458   0x00000026   Code   RO          643    x$fpl$ffltu         fz_ws.l(fflt_clz.o)
    0x0800247e   0x00000002   PAD
    0x08002480   0x00000068   Code   RO          649    x$fpl$fleqf         fz_ws.l(fleqf.o)
    0x080024e8   0x0000008c   Code   RO          662    x$fpl$fnaninf       fz_ws.l(fnaninf.o)
    0x08002574   0x0000000a   Code   RO          664    x$fpl$fretinf       fz_ws.l(fretinf.o)
    0x0800257e   0x00000062   Code   RO          651    x$fpl$frleqf        fz_ws.l(frleqf.o)
    0x080025e0   0x00000000   Code   RO          666    x$fpl$usenofp       fz_ws.l(usenofp.o)
    0x080025e0   0x00000818   Data   RO          215    .constdata          oled.o
    0x08002df8   0x00000020   Data   RO          815    Region$$Table       anon$$obj.o


    Execution Region RW_IRAM1 (Base: 0x20000000, Size: 0x00000860, Max: 0x00005000, ABSOLUTE, COMPRESSED[0x000000a8])

    Base Addr    Size         Type   Attr      Idx    E Section Name        Object

    0x20000000   0x00000014   Data   RW          173    .data               system_stm32f10x.o
    0x20000014   0x00000180   Data   RW          216    .data               oled.o
    0x20000194   0x00000008   Data   RW          246    .data               bh1750.o
    0x2000019c   0x00000004   Data   RW          279    .data               delay.o
    0x200001a0   0x00000005   Data   RW          306    .data               usart.o
    0x200001a5   0x00000014   Data   RW          538    .data               stm32f10x_rcc.o
    0x200001b9   0x00000003   PAD
    0x200001bc   0x00000040   Zero   RW          305    .bss                usart.o
    0x200001fc   0x00000060   Zero   RW          693    .bss                c_w.l(libspace.o)
    0x2000025c   0x00000004   PAD
    0x20000260   0x00000200   Zero   RW          339    HEAP                startup_stm32f10x_md.o
    0x20000460   0x00000400   Zero   RW          338    STACK               startup_stm32f10x_md.o


==============================================================================

Image component sizes


      Code (inc. data)   RO Data    RW Data    ZI Data      Debug   Object Name

        52          6          0          0          0        468   beep.o
       220         18          0          8          0       1698   bh1750.o
         0          0          0          0          0         32   core_cm3.o
       172          8          0          4          0       1039   delay.o
       408         12          0          0          0       2102   dht11.o
       540         14          0          0          0       2124   i2c.o
       100          8          0          0          0        491   led.o
       924        114          0          0          0     231651   main.o
       220         22          0          0          0       1761   misc.o
      1238         20       2072        384          0       4777   oled.o
        64         26        236          0       1536        780   startup_stm32f10x_md.o
       860         38          0          0          0       5693   stm32f10x_gpio.o
        26          0          0          0          0       1162   stm32f10x_it.o
       932         36          0         20          0       8852   stm32f10x_rcc.o
      1032         22          0          0          0       8420   stm32f10x_usart.o
        12          0          0          0          0        433   sys.o
       480         38          0         20          0       1683   system_stm32f10x.o
       320         16          0          5         64       3114   usart.o

    ----------------------------------------------------------------------
      7604        398       2340        444       1600     276280   Object Totals
         0          0         32          0          0          0   (incl. Generated)
         4          0          0          3          0          0   (incl. Padding)

    ----------------------------------------------------------------------

      Code (inc. data)   RO Data    RW Data    ZI Data      Debug   Library Member Name

        90          0          0          0          0          0   __dczerorl2.o
         8          0          0          0          0         68   __main.o
         0          0          0          0          0          0   __rtentry.o
        12          0          0          0          0          0   __rtentry2.o
         6          0          0          0          0          0   __rtentry4.o
        52          8          0          0          0          0   __scatter.o
        28          0          0          0          0          0   __scatter_zi.o
        18          0          0          0          0         80   exit.o
         6          0          0          0          0        152   heapauxi.o
         2          0          0          0          0          0   libinit.o
         2          0          0          0          0          0   libinit2.o
         2          0          0          0          0          0   libshutdown.o
         2          0          0          0          0          0   libshutdown2.o
         8          4          0          0         96         68   libspace.o
         2          0          0          0          0          0   rtexit.o
        10          0          0          0          0          0   rtexit2.o
        74          0          0          0          0         80   sys_stackheap_outer.o
         2          0          0          0          0         68   use_no_semi.o
         2          0          0          0          0         68   use_no_semi_2.o
        98          4          0          0          0         92   d2f.o
       688        140          0          0          0        208   ddiv.o
       156          4          0          0          0         92   dnaninf.o
        12          0          0          0          0         68   dretinf.o
        86          4          0          0          0         84   f2d.o
        24          0          0          0          0         68   fcmpi.o
        62          4          0          0          0         84   ffixu.o
        38          0          0          0          0         68   fflt_clz.o
       104          4          0          0          0         84   fleqf.o
       140          4          0          0          0         84   fnaninf.o
        10          0          0          0          0         68   fretinf.o
        98          0          0          0          0         68   frleqf.o
         0          0          0          0          0          0   usenofp.o

    ----------------------------------------------------------------------
      1856        176          0          0        100       1652   Library Totals
        14          0          0          0          4          0   (incl. Padding)

    ----------------------------------------------------------------------

      Code (inc. data)   RO Data    RW Data    ZI Data      Debug   Library Name

       326         12          0          0         96        584   c_w.l
      1516        164          0          0          0       1068   fz_ws.l

    ----------------------------------------------------------------------
      1856        176          0          0        100       1652   Library Totals

    ----------------------------------------------------------------------

==============================================================================


      Code (inc. data)   RO Data    RW Data    ZI Data      Debug   

      9460        574       2340        444       1700     276108   Grand Totals
      9460        574       2340        168       1700     276108   ELF Image Totals (compressed)
      9460        574       2340        168          0          0   ROM Totals

==============================================================================

    Total RO  Size (Code + RO Data)                11800 (  11.52kB)
    Total RW  Size (RW Data + ZI Data)              2144 (   2.09kB)
    Total ROM Size (Code + RO Data + RW Data)      11968 (  11.69kB)

==============================================================================

